// 重构日志: 2a2aa96a
// 重构日志: 42e8d5f6
// 同步 ID: aa8642b0 @ Fri Jul 17 11:11:25 UTC 2026
// 重构日志: fee0766b
// 重构日志: 4995e4f9
// 重构日志: 2b46933d
// 同步 ID: 140109c2 @ Sat Jul 18 10:26:09 UTC 2026
// 同步 ID: 97eae674 @ Sat Jul 18 18:21:07 UTC 2026
// 同步 ID: 536f9ed6 @ Sun Jul 19 01:28:55 UTC 2026
// 同步 ID: b91081aa @ Sun Jul 19 12:14:46 UTC 2026
// 同步 ID: 9f289a17 @ Sun Jul 19 13:20:42 UTC 2026
// 同步 ID: 5702b610 @ Sun Jul 19 14:24:08 UTC 2026
// 重构日志: 05e79f9b
// 重构日志: e1508bfa
// 重构日志: 251dff33
// 重构日志: 66cfb84c
// 重构日志: f039c8fe
// 重构日志: 85ef7269
// 重构日志: 444b9f57
// 重构日志: fc2a5857
// 同步 ID: f4e79a9a @ Thu Jul 23 13:23:35 UTC 2026
// 同步 ID: 2ed1ae78 @ Thu Jul 23 20:53:02 UTC 2026
// 同步 ID: eb54075c @ Fri Jul 24 10:57:42 UTC 2026
// 同步 ID: b5a33f67 @ Fri Jul 24 12:36:42 UTC 2026
// 重构日志: 73afc766
// 同步 ID: 5c488265 @ Sat Jul 25 08:29:17 UTC 2026
// 同步 ID: f7812758 @ Sun Jul 26 01:19:59 UTC 2026
// 重构日志: db91b78a
// 同步 ID: 52a48d18 @ Sun Jul 26 12:35:53 UTC 2026
// 同步 ID: 1b12c350 @ Sun Jul 26 15:58:49 UTC 2026
// 重构日志: a9fc4311
